<!doctype html public "-//w3c//dtd html 4.0 transitional//en">
<html><head>
<title>Static Call Graph - [.\Objects\project.axf]</title></head>
<body><HR>
<H1>Static Call Graph for image .\Objects\project.axf</H1><HR>
<BR><P>#&#060CALLGRAPH&#062# ARM Linker, 6160001: Last Updated: Tue Dec  7 11:36:15 2021
<BR><P>
<H3>Maximum Stack Usage =          0 bytes + Unknown(Untraceable Function Pointers)</H3><H3>
Call chain for Maximum Stack Depth:</H3>

<P>
<H3>
Function Pointers
</H3><UL>
 <LI><a href="#[0]">Reset_Handler</a> from wack a mole.o(MYCODE) referenced from wack a mole.o(RESET)
</UL>
<P>
<H3>
Global Symbols
</H3>
<P><STRONG><a name="[0]"></a>Reset_Handler</STRONG> (Thumb, 32 bytes, Stack size 0 bytes, wack a mole.o(MYCODE))
<BR><BR>[Calls]<UL><LI><a href="#[5]">&gt;&gt;</a>&nbsp;&nbsp;&nbsp;UC5
<LI><a href="#[4]">&gt;&gt;</a>&nbsp;&nbsp;&nbsp;UC4
<LI><a href="#[3]">&gt;&gt;</a>&nbsp;&nbsp;&nbsp;normalGamePlay
<LI><a href="#[2]">&gt;&gt;</a>&nbsp;&nbsp;&nbsp;GPIO_Enable
<LI><a href="#[1]">&gt;&gt;</a>&nbsp;&nbsp;&nbsp;GPIO_CLK
</UL>
<BR>[Address Reference Count : 1]<UL><LI> wack a mole.o(RESET)
</UL><P>
<H3>
Local Symbols
</H3>
<P><STRONG><a name="[1]"></a>GPIO_CLK</STRONG> (Thumb, 10 bytes, Stack size 0 bytes, wack a mole.o(MYCODE))
<BR><BR>[Called By]<UL><LI><a href="#[0]">&gt;&gt;</a>&nbsp;&nbsp;&nbsp;Reset_Handler
</UL>

<P><STRONG><a name="[2]"></a>GPIO_Enable</STRONG> (Thumb, 470 bytes, Stack size 0 bytes, wack a mole.o(MYCODE))
<BR><BR>[Called By]<UL><LI><a href="#[0]">&gt;&gt;</a>&nbsp;&nbsp;&nbsp;Reset_Handler
</UL>

<P><STRONG><a name="[3]"></a>normalGamePlay</STRONG> (Thumb, 274 bytes, Stack size 0 bytes, wack a mole.o(MYCODE))
<BR><BR>[Calls]<UL><LI><a href="#[5]">&gt;&gt;</a>&nbsp;&nbsp;&nbsp;UC5
<LI><a href="#[4]">&gt;&gt;</a>&nbsp;&nbsp;&nbsp;UC4
</UL>
<BR>[Called By]<UL><LI><a href="#[0]">&gt;&gt;</a>&nbsp;&nbsp;&nbsp;Reset_Handler
</UL>

<P><STRONG><a name="[4]"></a>UC4</STRONG> (Thumb, 4 bytes, Stack size 0 bytes, wack a mole.o(MYCODE))
<BR><BR>[Called By]<UL><LI><a href="#[0]">&gt;&gt;</a>&nbsp;&nbsp;&nbsp;Reset_Handler
<LI><a href="#[3]">&gt;&gt;</a>&nbsp;&nbsp;&nbsp;normalGamePlay
</UL>

<P><STRONG><a name="[5]"></a>UC5</STRONG> (Thumb, 156 bytes, Stack size 0 bytes, wack a mole.o(MYCODE))
<BR><BR>[Called By]<UL><LI><a href="#[0]">&gt;&gt;</a>&nbsp;&nbsp;&nbsp;Reset_Handler
<LI><a href="#[3]">&gt;&gt;</a>&nbsp;&nbsp;&nbsp;normalGamePlay
</UL>
<P>
<H3>
Undefined Global Symbols
</H3><HR></body></html>
