<html>
<body>
<pre>
<h1>µVision Build Log</h1>
<h2>Tool Versions:</h2>
IDE-Version: µVision V5.36.0.0
Copyright (C) 2021 ARM Ltd and ARM Germany GmbH. All rights reserved.
License Information: Alireza Hezaryan, UofR, LIC=----
 
Tool Versions:
Toolchain:       MDK-Lite  Version: 5.36.0.0
Toolchain Path:  C:\Keil_v5\ARM\ARMCLANG\Bin
C Compiler:      ArmClang.exe V6.16
Assembler:       Armasm.exe V6.16
Linker/Locator:  ArmLink.exe V6.16
Library Manager: ArmAr.exe V6.16
Hex Converter:   FromElf.exe V6.16
CPU DLL:         SARMCM3.DLL V5.36.0.0
Dialog DLL:      DCM.DLL V1.17.3.0
Target DLL:      STLink\ST-LINKIII-KEIL_SWO.dll V3.0.9.0
Dialog DLL:      TCM.DLL V1.53.0.0
 
<h2>Project:</h2>
F:\ENSE 352- Final project\project.uvprojx
Project File Date:  12/06/2021

<h2>Output:</h2>
*** Using Compiler 'V6.16', folder: 'C:\Keil_v5\ARM\ARMCLANG\Bin'
Build target 'Target 1'
"wack a mole.s", line 391: Warning: A1488W: PROC/FUNC at line 93 in 'wack a mole.s' without matching ENDP/ENDFUNC
  391 00000200 normalGamePlay PROC
"wack a mole.s", line 566: Warning: A1488W: PROC/FUNC at line 562 in 'wack a mole.s' without matching ENDP/ENDFUNC
  566 00000354 UC5 PROC
"wack a mole.s", line 634: Warning: A1488W: PROC/FUNC at line 566 in 'wack a mole.s' without matching ENDP/ENDFUNC
  634 000003f0  END
0 Errors, 3 Warnings
assembling wack a mole.s...
linking...
Program Size: Code=1060 RO-data=8 RW-data=0 ZI-data=0  
".\Objects\project.axf" - 0 Error(s), 0 Warning(s).

<h2>Software Packages used:</h2>

Package Vendor: Keil
                http://www.keil.com/pack/Keil.STM32F1xx_DFP.2.3.0.pack
                Keil.STM32F1xx_DFP.2.3.0
                STMicroelectronics STM32F1 Series Device Support, Drivers and Examples

<h2>Collection of Component include folders:</h2>
  C:\Users\Dell\AppData\Local\Arm\Packs\Keil\STM32F1xx_DFP\2.3.0\Device\Include

<h2>Collection of Component Files used:</h2>
Build Time Elapsed:  00:00:01
</pre>
</body>
</html>
