Component: ARM Compiler 6.16 Tool: armlink [5dfeaa00]

==============================================================================

Section Cross References

    wack a mole.o(RESET) refers to wack a mole.o(MYCODE) for Reset_Handler


==============================================================================

Image Symbol Table

    Local Symbols

    Symbol Name                              Value     Ov Type        Size  Object(Section)

    wack a mole.s                            0x00000000   Number         0  wack a mole.o ABSOLUTE
    RESET                                    0x08000000   Section        8  wack a mole.o(RESET)
    MYCODE                                   0x08000008   Section     1060  wack a mole.o(MYCODE)
    GPIO_CLK                                 0x08000029   Thumb Code    10  wack a mole.o(MYCODE)
    GPIO_Enable                              0x08000033   Thumb Code   470  wack a mole.o(MYCODE)
    normalGamePlay                           0x08000209   Thumb Code   274  wack a mole.o(MYCODE)
    UC4                                      0x08000359   Thumb Code     4  wack a mole.o(MYCODE)
    UC5                                      0x0800035d   Thumb Code   156  wack a mole.o(MYCODE)

    Global Symbols

    Symbol Name                              Value     Ov Type        Size  Object(Section)

    BuildAttributes$$THM_ISAv4$P$D$K$B$S$A:L22UL41UL21$X:L11$S22US41US21$IEEE1$~IW$USESV6$~STKCKD$USESV7$~SHL$OSPACE$EBA8$STANDARDLIB$PRES8$EABIv2 0x00000000   Number         0  anon$$obj.o ABSOLUTE
    __Vectors                                0x08000000   Data           4  wack a mole.o(RESET)
    Reset_Handler                            0x08000009   Thumb Code    32  wack a mole.o(MYCODE)



==============================================================================

Memory Map of the image

  Image Entry point : 0x08000009

  Load Region LR_1 (Base: 0x08000000, Size: 0x0000042c, Max: 0xffffffff, ABSOLUTE)

    Execution Region ER_RO (Exec base: 0x08000000, Load base: 0x08000000, Size: 0x0000042c, Max: 0xffffffff, ABSOLUTE)

    Exec Addr    Load Addr    Size         Type   Attr      Idx    E Section Name        Object

    0x08000000   0x08000000   0x00000008   Data   RO            1    RESET               wack a mole.o
    0x08000008   0x08000008   0x00000424   Code   RO            2  * MYCODE              wack a mole.o


    Execution Region ER_RW (Exec base: 0x20000000, Load base: 0x0800042c, Size: 0x00000000, Max: 0xffffffff, ABSOLUTE)

    **** No section assigned to this execution region ****


    Execution Region ER_ZI (Exec base: 0x20000000, Load base: 0x0800042c, Size: 0x00000000, Max: 0xffffffff, ABSOLUTE)

    **** No section assigned to this execution region ****


==============================================================================

Image component sizes


      Code (inc. data)   RO Data    RW Data    ZI Data      Debug   Object Name

      1060         54          8          0          0        860   wack a mole.o

    ----------------------------------------------------------------------
      1060         54          8          0          0        860   Object Totals
         0          0          0          0          0          0   (incl. Generated)
         0          0          0          0          0          0   (incl. Padding)

    ----------------------------------------------------------------------
         0          0          0          0          0          0   Library Totals
         0          0          0          0          0          0   (incl. Padding)

    ----------------------------------------------------------------------

==============================================================================


      Code (inc. data)   RO Data    RW Data    ZI Data      Debug   

      1060         54          8          0          0        860   Grand Totals
      1060         54          8          0          0        860   ELF Image Totals
      1060         54          8          0          0          0   ROM Totals

==============================================================================

    Total RO  Size (Code + RO Data)                 1068 (   1.04kB)
    Total RW  Size (RW Data + ZI Data)                 0 (   0.00kB)
    Total ROM Size (Code + RO Data + RW Data)       1068 (   1.04kB)

==============================================================================

